{
  "y" : 10,
  "x" : 5,
  "width" : 100,
  "height" : 200
}