[1, 4, 6, 8, 10] -> 29
[1, 4, 6, 8, 11] -> 30
[1, 4, 6, 9, 10] -> 30
[1, 4, 6, 9, 11] -> 31
[1, 4, 7, 8, 10] -> 30
[1, 4, 7, 8, 11] -> 31
[1, 4, 7, 9, 10] -> 31
[1, 4, 7, 9, 11] -> 32
[1, 5, 6, 8, 10] -> 30
[1, 5, 6, 8, 11] -> 31
[1, 5, 6, 9, 10] -> 31
[1, 5, 6, 9, 11] -> 32
[1, 5, 7, 8, 10] -> 31
[1, 5, 7, 8, 11] -> 32
[1, 5, 7, 9, 10] -> 32
[1, 5, 7, 9, 11] -> 33
[2, 4, 6, 8, 10] -> 30
[2, 4, 6, 8, 11] -> 31
[2, 4, 6, 9, 10] -> 31
[2, 4, 6, 9, 11] -> 32
[2, 4, 7, 8, 10] -> 31
[2, 4, 7, 8, 11] -> 32
[2, 4, 7, 9, 10] -> 32
[2, 4, 7, 9, 11] -> 33
[2, 5, 6, 8, 10] -> 31
[2, 5, 6, 8, 11] -> 32
[2, 5, 6, 9, 10] -> 32
[2, 5, 6, 9, 11] -> 33
[2, 5, 7, 8, 10] -> 32
[2, 5, 7, 8, 11] -> 33
[2, 5, 7, 9, 10] -> 33
[2, 5, 7, 9, 11] -> 34
[3, 4, 6, 8, 10] -> 31
[3, 4, 6, 8, 11] -> 32
[3, 4, 6, 9, 10] -> 32
[3, 4, 6, 9, 11] -> 33
[3, 4, 7, 8, 10] -> 32
[3, 4, 7, 8, 11] -> 33
[3, 4, 7, 9, 10] -> 33
[3, 4, 7, 9, 11] -> 34
[3, 5, 6, 8, 10] -> 32
[3, 5, 6, 8, 11] -> 33
[3, 5, 6, 9, 10] -> 33
[3, 5, 6, 9, 11] -> 34
[3, 5, 7, 8, 10] -> 33
[3, 5, 7, 8, 11] -> 34
[3, 5, 7, 9, 10] -> 34
[3, 5, 7, 9, 11] -> 35
