[1, 4, 6, 8, 10, 12, 14, 16] -> 71
[1, 4, 6, 8, 10, 12, 14, 17] -> 72
[1, 4, 6, 8, 10, 12, 15, 16] -> 72
[1, 4, 6, 8, 10, 12, 15, 17] -> 73
[1, 4, 6, 8, 10, 13, 14, 16] -> 72
[1, 4, 6, 8, 10, 13, 14, 17] -> 73
[1, 4, 6, 8, 10, 13, 15, 16] -> 73
[1, 4, 6, 8, 10, 13, 15, 17] -> 74
[1, 4, 6, 8, 11, 12, 14, 16] -> 72
[1, 4, 6, 8, 11, 12, 14, 17] -> 73
[1, 4, 6, 8, 11, 12, 15, 16] -> 73
[1, 4, 6, 8, 11, 12, 15, 17] -> 74
[1, 4, 6, 8, 11, 13, 14, 16] -> 73
[1, 4, 6, 8, 11, 13, 14, 17] -> 74
[1, 4, 6, 8, 11, 13, 15, 16] -> 74
[1, 4, 6, 8, 11, 13, 15, 17] -> 75
[1, 4, 6, 9, 10, 12, 14, 16] -> 72
[1, 4, 6, 9, 10, 12, 14, 17] -> 73
[1, 4, 6, 9, 10, 12, 15, 16] -> 73
[1, 4, 6, 9, 10, 12, 15, 17] -> 74
[1, 4, 6, 9, 10, 13, 14, 16] -> 73
[1, 4, 6, 9, 10, 13, 14, 17] -> 74
[1, 4, 6, 9, 10, 13, 15, 16] -> 74
[1, 4, 6, 9, 10, 13, 15, 17] -> 75
[1, 4, 6, 9, 11, 12, 14, 16] -> 73
[1, 4, 6, 9, 11, 12, 14, 17] -> 74
[1, 4, 6, 9, 11, 12, 15, 16] -> 74
[1, 4, 6, 9, 11, 12, 15, 17] -> 75
[1, 4, 6, 9, 11, 13, 14, 16] -> 74
[1, 4, 6, 9, 11, 13, 14, 17] -> 75
[1, 4, 6, 9, 11, 13, 15, 16] -> 75
[1, 4, 6, 9, 11, 13, 15, 17] -> 76
[1, 4, 7, 8, 10, 12, 14, 16] -> 72
[1, 4, 7, 8, 10, 12, 14, 17] -> 73
[1, 4, 7, 8, 10, 12, 15, 16] -> 73
[1, 4, 7, 8, 10, 12, 15, 17] -> 74
[1, 4, 7, 8, 10, 13, 14, 16] -> 73
[1, 4, 7, 8, 10, 13, 14, 17] -> 74
[1, 4, 7, 8, 10, 13, 15, 16] -> 74
[1, 4, 7, 8, 10, 13, 15, 17] -> 75
[1, 4, 7, 8, 11, 12, 14, 16] -> 73
[1, 4, 7, 8, 11, 12, 14, 17] -> 74
[1, 4, 7, 8, 11, 12, 15, 16] -> 74
[1, 4, 7, 8, 11, 12, 15, 17] -> 75
[1, 4, 7, 8, 11, 13, 14, 16] -> 74
[1, 4, 7, 8, 11, 13, 14, 17] -> 75
[1, 4, 7, 8, 11, 13, 15, 16] -> 75
[1, 4, 7, 8, 11, 13, 15, 17] -> 76
[1, 4, 7, 9, 10, 12, 14, 16] -> 73
[1, 4, 7, 9, 10, 12, 14, 17] -> 74
[1, 4, 7, 9, 10, 12, 15, 16] -> 74
[1, 4, 7, 9, 10, 12, 15, 17] -> 75
[1, 4, 7, 9, 10, 13, 14, 16] -> 74
[1, 4, 7, 9, 10, 13, 14, 17] -> 75
[1, 4, 7, 9, 10, 13, 15, 16] -> 75
[1, 4, 7, 9, 10, 13, 15, 17] -> 76
[1, 4, 7, 9, 11, 12, 14, 16] -> 74
[1, 4, 7, 9, 11, 12, 14, 17] -> 75
[1, 4, 7, 9, 11, 12, 15, 16] -> 75
[1, 4, 7, 9, 11, 12, 15, 17] -> 76
[1, 4, 7, 9, 11, 13, 14, 16] -> 75
[1, 4, 7, 9, 11, 13, 14, 17] -> 76
[1, 4, 7, 9, 11, 13, 15, 16] -> 76
[1, 4, 7, 9, 11, 13, 15, 17] -> 77
[1, 5, 6, 8, 10, 12, 14, 16] -> 72
[1, 5, 6, 8, 10, 12, 14, 17] -> 73
[1, 5, 6, 8, 10, 12, 15, 16] -> 73
[1, 5, 6, 8, 10, 12, 15, 17] -> 74
[1, 5, 6, 8, 10, 13, 14, 16] -> 73
[1, 5, 6, 8, 10, 13, 14, 17] -> 74
[1, 5, 6, 8, 10, 13, 15, 16] -> 74
[1, 5, 6, 8, 10, 13, 15, 17] -> 75
[1, 5, 6, 8, 11, 12, 14, 16] -> 73
[1, 5, 6, 8, 11, 12, 14, 17] -> 74
[1, 5, 6, 8, 11, 12, 15, 16] -> 74
[1, 5, 6, 8, 11, 12, 15, 17] -> 75
[1, 5, 6, 8, 11, 13, 14, 16] -> 74
[1, 5, 6, 8, 11, 13, 14, 17] -> 75
[1, 5, 6, 8, 11, 13, 15, 16] -> 75
[1, 5, 6, 8, 11, 13, 15, 17] -> 76
[1, 5, 6, 9, 10, 12, 14, 16] -> 73
[1, 5, 6, 9, 10, 12, 14, 17] -> 74
[1, 5, 6, 9, 10, 12, 15, 16] -> 74
[1, 5, 6, 9, 10, 12, 15, 17] -> 75
[1, 5, 6, 9, 10, 13, 14, 16] -> 74
[1, 5, 6, 9, 10, 13, 14, 17] -> 75
[1, 5, 6, 9, 10, 13, 15, 16] -> 75
[1, 5, 6, 9, 10, 13, 15, 17] -> 76
[1, 5, 6, 9, 11, 12, 14, 16] -> 74
[1, 5, 6, 9, 11, 12, 14, 17] -> 75
[1, 5, 6, 9, 11, 12, 15, 16] -> 75
[1, 5, 6, 9, 11, 12, 15, 17] -> 76
[1, 5, 6, 9, 11, 13, 14, 16] -> 75
[1, 5, 6, 9, 11, 13, 14, 17] -> 76
[1, 5, 6, 9, 11, 13, 15, 16] -> 76
[1, 5, 6, 9, 11, 13, 15, 17] -> 77
[1, 5, 7, 8, 10, 12, 14, 16] -> 73
[1, 5, 7, 8, 10, 12, 14, 17] -> 74
[1, 5, 7, 8, 10, 12, 15, 16] -> 74
[1, 5, 7, 8, 10, 12, 15, 17] -> 75
[1, 5, 7, 8, 10, 13, 14, 16] -> 74
[1, 5, 7, 8, 10, 13, 14, 17] -> 75
[1, 5, 7, 8, 10, 13, 15, 16] -> 75
[1, 5, 7, 8, 10, 13, 15, 17] -> 76
[1, 5, 7, 8, 11, 12, 14, 16] -> 74
[1, 5, 7, 8, 11, 12, 14, 17] -> 75
[1, 5, 7, 8, 11, 12, 15, 16] -> 75
[1, 5, 7, 8, 11, 12, 15, 17] -> 76
[1, 5, 7, 8, 11, 13, 14, 16] -> 75
[1, 5, 7, 8, 11, 13, 14, 17] -> 76
[1, 5, 7, 8, 11, 13, 15, 16] -> 76
[1, 5, 7, 8, 11, 13, 15, 17] -> 77
[1, 5, 7, 9, 10, 12, 14, 16] -> 74
[1, 5, 7, 9, 10, 12, 14, 17] -> 75
[1, 5, 7, 9, 10, 12, 15, 16] -> 75
[1, 5, 7, 9, 10, 12, 15, 17] -> 76
[1, 5, 7, 9, 10, 13, 14, 16] -> 75
[1, 5, 7, 9, 10, 13, 14, 17] -> 76
[1, 5, 7, 9, 10, 13, 15, 16] -> 76
[1, 5, 7, 9, 10, 13, 15, 17] -> 77
[1, 5, 7, 9, 11, 12, 14, 16] -> 75
[1, 5, 7, 9, 11, 12, 14, 17] -> 76
[1, 5, 7, 9, 11, 12, 15, 16] -> 76
[1, 5, 7, 9, 11, 12, 15, 17] -> 77
[1, 5, 7, 9, 11, 13, 14, 16] -> 76
[1, 5, 7, 9, 11, 13, 14, 17] -> 77
[1, 5, 7, 9, 11, 13, 15, 16] -> 77
[1, 5, 7, 9, 11, 13, 15, 17] -> 78
[2, 4, 6, 8, 10, 12, 14, 16] -> 72
[2, 4, 6, 8, 10, 12, 14, 17] -> 73
[2, 4, 6, 8, 10, 12, 15, 16] -> 73
[2, 4, 6, 8, 10, 12, 15, 17] -> 74
[2, 4, 6, 8, 10, 13, 14, 16] -> 73
[2, 4, 6, 8, 10, 13, 14, 17] -> 74
[2, 4, 6, 8, 10, 13, 15, 16] -> 74
[2, 4, 6, 8, 10, 13, 15, 17] -> 75
[2, 4, 6, 8, 11, 12, 14, 16] -> 73
[2, 4, 6, 8, 11, 12, 14, 17] -> 74
[2, 4, 6, 8, 11, 12, 15, 16] -> 74
[2, 4, 6, 8, 11, 12, 15, 17] -> 75
[2, 4, 6, 8, 11, 13, 14, 16] -> 74
[2, 4, 6, 8, 11, 13, 14, 17] -> 75
[2, 4, 6, 8, 11, 13, 15, 16] -> 75
[2, 4, 6, 8, 11, 13, 15, 17] -> 76
[2, 4, 6, 9, 10, 12, 14, 16] -> 73
[2, 4, 6, 9, 10, 12, 14, 17] -> 74
[2, 4, 6, 9, 10, 12, 15, 16] -> 74
[2, 4, 6, 9, 10, 12, 15, 17] -> 75
[2, 4, 6, 9, 10, 13, 14, 16] -> 74
[2, 4, 6, 9, 10, 13, 14, 17] -> 75
[2, 4, 6, 9, 10, 13, 15, 16] -> 75
[2, 4, 6, 9, 10, 13, 15, 17] -> 76
[2, 4, 6, 9, 11, 12, 14, 16] -> 74
[2, 4, 6, 9, 11, 12, 14, 17] -> 75
[2, 4, 6, 9, 11, 12, 15, 16] -> 75
[2, 4, 6, 9, 11, 12, 15, 17] -> 76
[2, 4, 6, 9, 11, 13, 14, 16] -> 75
[2, 4, 6, 9, 11, 13, 14, 17] -> 76
[2, 4, 6, 9, 11, 13, 15, 16] -> 76
[2, 4, 6, 9, 11, 13, 15, 17] -> 77
[2, 4, 7, 8, 10, 12, 14, 16] -> 73
[2, 4, 7, 8, 10, 12, 14, 17] -> 74
[2, 4, 7, 8, 10, 12, 15, 16] -> 74
[2, 4, 7, 8, 10, 12, 15, 17] -> 75
[2, 4, 7, 8, 10, 13, 14, 16] -> 74
[2, 4, 7, 8, 10, 13, 14, 17] -> 75
[2, 4, 7, 8, 10, 13, 15, 16] -> 75
[2, 4, 7, 8, 10, 13, 15, 17] -> 76
[2, 4, 7, 8, 11, 12, 14, 16] -> 74
[2, 4, 7, 8, 11, 12, 14, 17] -> 75
[2, 4, 7, 8, 11, 12, 15, 16] -> 75
[2, 4, 7, 8, 11, 12, 15, 17] -> 76
[2, 4, 7, 8, 11, 13, 14, 16] -> 75
[2, 4, 7, 8, 11, 13, 14, 17] -> 76
[2, 4, 7, 8, 11, 13, 15, 16] -> 76
[2, 4, 7, 8, 11, 13, 15, 17] -> 77
[2, 4, 7, 9, 10, 12, 14, 16] -> 74
[2, 4, 7, 9, 10, 12, 14, 17] -> 75
[2, 4, 7, 9, 10, 12, 15, 16] -> 75
[2, 4, 7, 9, 10, 12, 15, 17] -> 76
[2, 4, 7, 9, 10, 13, 14, 16] -> 75
[2, 4, 7, 9, 10, 13, 14, 17] -> 76
[2, 4, 7, 9, 10, 13, 15, 16] -> 76
[2, 4, 7, 9, 10, 13, 15, 17] -> 77
[2, 4, 7, 9, 11, 12, 14, 16] -> 75
[2, 4, 7, 9, 11, 12, 14, 17] -> 76
[2, 4, 7, 9, 11, 12, 15, 16] -> 76
[2, 4, 7, 9, 11, 12, 15, 17] -> 77
[2, 4, 7, 9, 11, 13, 14, 16] -> 76
[2, 4, 7, 9, 11, 13, 14, 17] -> 77
[2, 4, 7, 9, 11, 13, 15, 16] -> 77
[2, 4, 7, 9, 11, 13, 15, 17] -> 78
[2, 5, 6, 8, 10, 12, 14, 16] -> 73
[2, 5, 6, 8, 10, 12, 14, 17] -> 74
[2, 5, 6, 8, 10, 12, 15, 16] -> 74
[2, 5, 6, 8, 10, 12, 15, 17] -> 75
[2, 5, 6, 8, 10, 13, 14, 16] -> 74
[2, 5, 6, 8, 10, 13, 14, 17] -> 75
[2, 5, 6, 8, 10, 13, 15, 16] -> 75
[2, 5, 6, 8, 10, 13, 15, 17] -> 76
[2, 5, 6, 8, 11, 12, 14, 16] -> 74
[2, 5, 6, 8, 11, 12, 14, 17] -> 75
[2, 5, 6, 8, 11, 12, 15, 16] -> 75
[2, 5, 6, 8, 11, 12, 15, 17] -> 76
[2, 5, 6, 8, 11, 13, 14, 16] -> 75
[2, 5, 6, 8, 11, 13, 14, 17] -> 76
[2, 5, 6, 8, 11, 13, 15, 16] -> 76
[2, 5, 6, 8, 11, 13, 15, 17] -> 77
[2, 5, 6, 9, 10, 12, 14, 16] -> 74
[2, 5, 6, 9, 10, 12, 14, 17] -> 75
[2, 5, 6, 9, 10, 12, 15, 16] -> 75
[2, 5, 6, 9, 10, 12, 15, 17] -> 76
[2, 5, 6, 9, 10, 13, 14, 16] -> 75
[2, 5, 6, 9, 10, 13, 14, 17] -> 76
[2, 5, 6, 9, 10, 13, 15, 16] -> 76
[2, 5, 6, 9, 10, 13, 15, 17] -> 77
[2, 5, 6, 9, 11, 12, 14, 16] -> 75
[2, 5, 6, 9, 11, 12, 14, 17] -> 76
[2, 5, 6, 9, 11, 12, 15, 16] -> 76
[2, 5, 6, 9, 11, 12, 15, 17] -> 77
[2, 5, 6, 9, 11, 13, 14, 16] -> 76
[2, 5, 6, 9, 11, 13, 14, 17] -> 77
[2, 5, 6, 9, 11, 13, 15, 16] -> 77
[2, 5, 6, 9, 11, 13, 15, 17] -> 78
[2, 5, 7, 8, 10, 12, 14, 16] -> 74
[2, 5, 7, 8, 10, 12, 14, 17] -> 75
[2, 5, 7, 8, 10, 12, 15, 16] -> 75
[2, 5, 7, 8, 10, 12, 15, 17] -> 76
[2, 5, 7, 8, 10, 13, 14, 16] -> 75
[2, 5, 7, 8, 10, 13, 14, 17] -> 76
[2, 5, 7, 8, 10, 13, 15, 16] -> 76
[2, 5, 7, 8, 10, 13, 15, 17] -> 77
[2, 5, 7, 8, 11, 12, 14, 16] -> 75
[2, 5, 7, 8, 11, 12, 14, 17] -> 76
[2, 5, 7, 8, 11, 12, 15, 16] -> 76
[2, 5, 7, 8, 11, 12, 15, 17] -> 77
[2, 5, 7, 8, 11, 13, 14, 16] -> 76
[2, 5, 7, 8, 11, 13, 14, 17] -> 77
[2, 5, 7, 8, 11, 13, 15, 16] -> 77
[2, 5, 7, 8, 11, 13, 15, 17] -> 78
[2, 5, 7, 9, 10, 12, 14, 16] -> 75
[2, 5, 7, 9, 10, 12, 14, 17] -> 76
[2, 5, 7, 9, 10, 12, 15, 16] -> 76
[2, 5, 7, 9, 10, 12, 15, 17] -> 77
[2, 5, 7, 9, 10, 13, 14, 16] -> 76
[2, 5, 7, 9, 10, 13, 14, 17] -> 77
[2, 5, 7, 9, 10, 13, 15, 16] -> 77
[2, 5, 7, 9, 10, 13, 15, 17] -> 78
[2, 5, 7, 9, 11, 12, 14, 16] -> 76
[2, 5, 7, 9, 11, 12, 14, 17] -> 77
[2, 5, 7, 9, 11, 12, 15, 16] -> 77
[2, 5, 7, 9, 11, 12, 15, 17] -> 78
[2, 5, 7, 9, 11, 13, 14, 16] -> 77
[2, 5, 7, 9, 11, 13, 14, 17] -> 78
[2, 5, 7, 9, 11, 13, 15, 16] -> 78
[2, 5, 7, 9, 11, 13, 15, 17] -> 79
[3, 4, 6, 8, 10, 12, 14, 16] -> 73
[3, 4, 6, 8, 10, 12, 14, 17] -> 74
[3, 4, 6, 8, 10, 12, 15, 16] -> 74
[3, 4, 6, 8, 10, 12, 15, 17] -> 75
[3, 4, 6, 8, 10, 13, 14, 16] -> 74
[3, 4, 6, 8, 10, 13, 14, 17] -> 75
[3, 4, 6, 8, 10, 13, 15, 16] -> 75
[3, 4, 6, 8, 10, 13, 15, 17] -> 76
[3, 4, 6, 8, 11, 12, 14, 16] -> 74
[3, 4, 6, 8, 11, 12, 14, 17] -> 75
[3, 4, 6, 8, 11, 12, 15, 16] -> 75
[3, 4, 6, 8, 11, 12, 15, 17] -> 76
[3, 4, 6, 8, 11, 13, 14, 16] -> 75
[3, 4, 6, 8, 11, 13, 14, 17] -> 76
[3, 4, 6, 8, 11, 13, 15, 16] -> 76
[3, 4, 6, 8, 11, 13, 15, 17] -> 77
[3, 4, 6, 9, 10, 12, 14, 16] -> 74
[3, 4, 6, 9, 10, 12, 14, 17] -> 75
[3, 4, 6, 9, 10, 12, 15, 16] -> 75
[3, 4, 6, 9, 10, 12, 15, 17] -> 76
[3, 4, 6, 9, 10, 13, 14, 16] -> 75
[3, 4, 6, 9, 10, 13, 14, 17] -> 76
[3, 4, 6, 9, 10, 13, 15, 16] -> 76
[3, 4, 6, 9, 10, 13, 15, 17] -> 77
[3, 4, 6, 9, 11, 12, 14, 16] -> 75
[3, 4, 6, 9, 11, 12, 14, 17] -> 76
[3, 4, 6, 9, 11, 12, 15, 16] -> 76
[3, 4, 6, 9, 11, 12, 15, 17] -> 77
[3, 4, 6, 9, 11, 13, 14, 16] -> 76
[3, 4, 6, 9, 11, 13, 14, 17] -> 77
[3, 4, 6, 9, 11, 13, 15, 16] -> 77
[3, 4, 6, 9, 11, 13, 15, 17] -> 78
[3, 4, 7, 8, 10, 12, 14, 16] -> 74
[3, 4, 7, 8, 10, 12, 14, 17] -> 75
[3, 4, 7, 8, 10, 12, 15, 16] -> 75
[3, 4, 7, 8, 10, 12, 15, 17] -> 76
[3, 4, 7, 8, 10, 13, 14, 16] -> 75
[3, 4, 7, 8, 10, 13, 14, 17] -> 76
[3, 4, 7, 8, 10, 13, 15, 16] -> 76
[3, 4, 7, 8, 10, 13, 15, 17] -> 77
[3, 4, 7, 8, 11, 12, 14, 16] -> 75
[3, 4, 7, 8, 11, 12, 14, 17] -> 76
[3, 4, 7, 8, 11, 12, 15, 16] -> 76
[3, 4, 7, 8, 11, 12, 15, 17] -> 77
[3, 4, 7, 8, 11, 13, 14, 16] -> 76
[3, 4, 7, 8, 11, 13, 14, 17] -> 77
[3, 4, 7, 8, 11, 13, 15, 16] -> 77
[3, 4, 7, 8, 11, 13, 15, 17] -> 78
[3, 4, 7, 9, 10, 12, 14, 16] -> 75
[3, 4, 7, 9, 10, 12, 14, 17] -> 76
[3, 4, 7, 9, 10, 12, 15, 16] -> 76
[3, 4, 7, 9, 10, 12, 15, 17] -> 77
[3, 4, 7, 9, 10, 13, 14, 16] -> 76
[3, 4, 7, 9, 10, 13, 14, 17] -> 77
[3, 4, 7, 9, 10, 13, 15, 16] -> 77
[3, 4, 7, 9, 10, 13, 15, 17] -> 78
[3, 4, 7, 9, 11, 12, 14, 16] -> 76
[3, 4, 7, 9, 11, 12, 14, 17] -> 77
[3, 4, 7, 9, 11, 12, 15, 16] -> 77
[3, 4, 7, 9, 11, 12, 15, 17] -> 78
[3, 4, 7, 9, 11, 13, 14, 16] -> 77
[3, 4, 7, 9, 11, 13, 14, 17] -> 78
[3, 4, 7, 9, 11, 13, 15, 16] -> 78
[3, 4, 7, 9, 11, 13, 15, 17] -> 79
[3, 5, 6, 8, 10, 12, 14, 16] -> 74
[3, 5, 6, 8, 10, 12, 14, 17] -> 75
[3, 5, 6, 8, 10, 12, 15, 16] -> 75
[3, 5, 6, 8, 10, 12, 15, 17] -> 76
[3, 5, 6, 8, 10, 13, 14, 16] -> 75
[3, 5, 6, 8, 10, 13, 14, 17] -> 76
[3, 5, 6, 8, 10, 13, 15, 16] -> 76
[3, 5, 6, 8, 10, 13, 15, 17] -> 77
[3, 5, 6, 8, 11, 12, 14, 16] -> 75
[3, 5, 6, 8, 11, 12, 14, 17] -> 76
[3, 5, 6, 8, 11, 12, 15, 16] -> 76
[3, 5, 6, 8, 11, 12, 15, 17] -> 77
[3, 5, 6, 8, 11, 13, 14, 16] -> 76
[3, 5, 6, 8, 11, 13, 14, 17] -> 77
[3, 5, 6, 8, 11, 13, 15, 16] -> 77
[3, 5, 6, 8, 11, 13, 15, 17] -> 78
[3, 5, 6, 9, 10, 12, 14, 16] -> 75
[3, 5, 6, 9, 10, 12, 14, 17] -> 76
[3, 5, 6, 9, 10, 12, 15, 16] -> 76
[3, 5, 6, 9, 10, 12, 15, 17] -> 77
[3, 5, 6, 9, 10, 13, 14, 16] -> 76
[3, 5, 6, 9, 10, 13, 14, 17] -> 77
[3, 5, 6, 9, 10, 13, 15, 16] -> 77
[3, 5, 6, 9, 10, 13, 15, 17] -> 78
[3, 5, 6, 9, 11, 12, 14, 16] -> 76
[3, 5, 6, 9, 11, 12, 14, 17] -> 77
[3, 5, 6, 9, 11, 12, 15, 16] -> 77
[3, 5, 6, 9, 11, 12, 15, 17] -> 78
[3, 5, 6, 9, 11, 13, 14, 16] -> 77
[3, 5, 6, 9, 11, 13, 14, 17] -> 78
[3, 5, 6, 9, 11, 13, 15, 16] -> 78
[3, 5, 6, 9, 11, 13, 15, 17] -> 79
[3, 5, 7, 8, 10, 12, 14, 16] -> 75
[3, 5, 7, 8, 10, 12, 14, 17] -> 76
[3, 5, 7, 8, 10, 12, 15, 16] -> 76
[3, 5, 7, 8, 10, 12, 15, 17] -> 77
[3, 5, 7, 8, 10, 13, 14, 16] -> 76
[3, 5, 7, 8, 10, 13, 14, 17] -> 77
[3, 5, 7, 8, 10, 13, 15, 16] -> 77
[3, 5, 7, 8, 10, 13, 15, 17] -> 78
[3, 5, 7, 8, 11, 12, 14, 16] -> 76
[3, 5, 7, 8, 11, 12, 14, 17] -> 77
[3, 5, 7, 8, 11, 12, 15, 16] -> 77
[3, 5, 7, 8, 11, 12, 15, 17] -> 78
[3, 5, 7, 8, 11, 13, 14, 16] -> 77
[3, 5, 7, 8, 11, 13, 14, 17] -> 78
[3, 5, 7, 8, 11, 13, 15, 16] -> 78
[3, 5, 7, 8, 11, 13, 15, 17] -> 79
[3, 5, 7, 9, 10, 12, 14, 16] -> 76
[3, 5, 7, 9, 10, 12, 14, 17] -> 77
[3, 5, 7, 9, 10, 12, 15, 16] -> 77
[3, 5, 7, 9, 10, 12, 15, 17] -> 78
[3, 5, 7, 9, 10, 13, 14, 16] -> 77
[3, 5, 7, 9, 10, 13, 14, 17] -> 78
[3, 5, 7, 9, 10, 13, 15, 16] -> 78
[3, 5, 7, 9, 10, 13, 15, 17] -> 79
[3, 5, 7, 9, 11, 12, 14, 16] -> 77
[3, 5, 7, 9, 11, 12, 14, 17] -> 78
[3, 5, 7, 9, 11, 12, 15, 16] -> 78
[3, 5, 7, 9, 11, 12, 15, 17] -> 79
[3, 5, 7, 9, 11, 13, 14, 16] -> 78
[3, 5, 7, 9, 11, 13, 14, 17] -> 79
[3, 5, 7, 9, 11, 13, 15, 16] -> 79
[3, 5, 7, 9, 11, 13, 15, 17] -> 80
