[1, 4, 6, 8, 10, 12, 14] -> 55
[1, 4, 6, 8, 10, 12, 15] -> 56
[1, 4, 6, 8, 10, 13, 14] -> 56
[1, 4, 6, 8, 10, 13, 15] -> 57
[1, 4, 6, 8, 11, 12, 14] -> 56
[1, 4, 6, 8, 11, 12, 15] -> 57
[1, 4, 6, 8, 11, 13, 14] -> 57
[1, 4, 6, 8, 11, 13, 15] -> 58
[1, 4, 6, 9, 10, 12, 14] -> 56
[1, 4, 6, 9, 10, 12, 15] -> 57
[1, 4, 6, 9, 10, 13, 14] -> 57
[1, 4, 6, 9, 10, 13, 15] -> 58
[1, 4, 6, 9, 11, 12, 14] -> 57
[1, 4, 6, 9, 11, 12, 15] -> 58
[1, 4, 6, 9, 11, 13, 14] -> 58
[1, 4, 6, 9, 11, 13, 15] -> 59
[1, 4, 7, 8, 10, 12, 14] -> 56
[1, 4, 7, 8, 10, 12, 15] -> 57
[1, 4, 7, 8, 10, 13, 14] -> 57
[1, 4, 7, 8, 10, 13, 15] -> 58
[1, 4, 7, 8, 11, 12, 14] -> 57
[1, 4, 7, 8, 11, 12, 15] -> 58
[1, 4, 7, 8, 11, 13, 14] -> 58
[1, 4, 7, 8, 11, 13, 15] -> 59
[1, 4, 7, 9, 10, 12, 14] -> 57
[1, 4, 7, 9, 10, 12, 15] -> 58
[1, 4, 7, 9, 10, 13, 14] -> 58
[1, 4, 7, 9, 10, 13, 15] -> 59
[1, 4, 7, 9, 11, 12, 14] -> 58
[1, 4, 7, 9, 11, 12, 15] -> 59
[1, 4, 7, 9, 11, 13, 14] -> 59
[1, 4, 7, 9, 11, 13, 15] -> 60
[1, 5, 6, 8, 10, 12, 14] -> 56
[1, 5, 6, 8, 10, 12, 15] -> 57
[1, 5, 6, 8, 10, 13, 14] -> 57
[1, 5, 6, 8, 10, 13, 15] -> 58
[1, 5, 6, 8, 11, 12, 14] -> 57
[1, 5, 6, 8, 11, 12, 15] -> 58
[1, 5, 6, 8, 11, 13, 14] -> 58
[1, 5, 6, 8, 11, 13, 15] -> 59
[1, 5, 6, 9, 10, 12, 14] -> 57
[1, 5, 6, 9, 10, 12, 15] -> 58
[1, 5, 6, 9, 10, 13, 14] -> 58
[1, 5, 6, 9, 10, 13, 15] -> 59
[1, 5, 6, 9, 11, 12, 14] -> 58
[1, 5, 6, 9, 11, 12, 15] -> 59
[1, 5, 6, 9, 11, 13, 14] -> 59
[1, 5, 6, 9, 11, 13, 15] -> 60
[1, 5, 7, 8, 10, 12, 14] -> 57
[1, 5, 7, 8, 10, 12, 15] -> 58
[1, 5, 7, 8, 10, 13, 14] -> 58
[1, 5, 7, 8, 10, 13, 15] -> 59
[1, 5, 7, 8, 11, 12, 14] -> 58
[1, 5, 7, 8, 11, 12, 15] -> 59
[1, 5, 7, 8, 11, 13, 14] -> 59
[1, 5, 7, 8, 11, 13, 15] -> 60
[1, 5, 7, 9, 10, 12, 14] -> 58
[1, 5, 7, 9, 10, 12, 15] -> 59
[1, 5, 7, 9, 10, 13, 14] -> 59
[1, 5, 7, 9, 10, 13, 15] -> 60
[1, 5, 7, 9, 11, 12, 14] -> 59
[1, 5, 7, 9, 11, 12, 15] -> 60
[1, 5, 7, 9, 11, 13, 14] -> 60
[1, 5, 7, 9, 11, 13, 15] -> 61
[2, 4, 6, 8, 10, 12, 14] -> 56
[2, 4, 6, 8, 10, 12, 15] -> 57
[2, 4, 6, 8, 10, 13, 14] -> 57
[2, 4, 6, 8, 10, 13, 15] -> 58
[2, 4, 6, 8, 11, 12, 14] -> 57
[2, 4, 6, 8, 11, 12, 15] -> 58
[2, 4, 6, 8, 11, 13, 14] -> 58
[2, 4, 6, 8, 11, 13, 15] -> 59
[2, 4, 6, 9, 10, 12, 14] -> 57
[2, 4, 6, 9, 10, 12, 15] -> 58
[2, 4, 6, 9, 10, 13, 14] -> 58
[2, 4, 6, 9, 10, 13, 15] -> 59
[2, 4, 6, 9, 11, 12, 14] -> 58
[2, 4, 6, 9, 11, 12, 15] -> 59
[2, 4, 6, 9, 11, 13, 14] -> 59
[2, 4, 6, 9, 11, 13, 15] -> 60
[2, 4, 7, 8, 10, 12, 14] -> 57
[2, 4, 7, 8, 10, 12, 15] -> 58
[2, 4, 7, 8, 10, 13, 14] -> 58
[2, 4, 7, 8, 10, 13, 15] -> 59
[2, 4, 7, 8, 11, 12, 14] -> 58
[2, 4, 7, 8, 11, 12, 15] -> 59
[2, 4, 7, 8, 11, 13, 14] -> 59
[2, 4, 7, 8, 11, 13, 15] -> 60
[2, 4, 7, 9, 10, 12, 14] -> 58
[2, 4, 7, 9, 10, 12, 15] -> 59
[2, 4, 7, 9, 10, 13, 14] -> 59
[2, 4, 7, 9, 10, 13, 15] -> 60
[2, 4, 7, 9, 11, 12, 14] -> 59
[2, 4, 7, 9, 11, 12, 15] -> 60
[2, 4, 7, 9, 11, 13, 14] -> 60
[2, 4, 7, 9, 11, 13, 15] -> 61
[2, 5, 6, 8, 10, 12, 14] -> 57
[2, 5, 6, 8, 10, 12, 15] -> 58
[2, 5, 6, 8, 10, 13, 14] -> 58
[2, 5, 6, 8, 10, 13, 15] -> 59
[2, 5, 6, 8, 11, 12, 14] -> 58
[2, 5, 6, 8, 11, 12, 15] -> 59
[2, 5, 6, 8, 11, 13, 14] -> 59
[2, 5, 6, 8, 11, 13, 15] -> 60
[2, 5, 6, 9, 10, 12, 14] -> 58
[2, 5, 6, 9, 10, 12, 15] -> 59
[2, 5, 6, 9, 10, 13, 14] -> 59
[2, 5, 6, 9, 10, 13, 15] -> 60
[2, 5, 6, 9, 11, 12, 14] -> 59
[2, 5, 6, 9, 11, 12, 15] -> 60
[2, 5, 6, 9, 11, 13, 14] -> 60
[2, 5, 6, 9, 11, 13, 15] -> 61
[2, 5, 7, 8, 10, 12, 14] -> 58
[2, 5, 7, 8, 10, 12, 15] -> 59
[2, 5, 7, 8, 10, 13, 14] -> 59
[2, 5, 7, 8, 10, 13, 15] -> 60
[2, 5, 7, 8, 11, 12, 14] -> 59
[2, 5, 7, 8, 11, 12, 15] -> 60
[2, 5, 7, 8, 11, 13, 14] -> 60
[2, 5, 7, 8, 11, 13, 15] -> 61
[2, 5, 7, 9, 10, 12, 14] -> 59
[2, 5, 7, 9, 10, 12, 15] -> 60
[2, 5, 7, 9, 10, 13, 14] -> 60
[2, 5, 7, 9, 10, 13, 15] -> 61
[2, 5, 7, 9, 11, 12, 14] -> 60
[2, 5, 7, 9, 11, 12, 15] -> 61
[2, 5, 7, 9, 11, 13, 14] -> 61
[2, 5, 7, 9, 11, 13, 15] -> 62
[3, 4, 6, 8, 10, 12, 14] -> 57
[3, 4, 6, 8, 10, 12, 15] -> 58
[3, 4, 6, 8, 10, 13, 14] -> 58
[3, 4, 6, 8, 10, 13, 15] -> 59
[3, 4, 6, 8, 11, 12, 14] -> 58
[3, 4, 6, 8, 11, 12, 15] -> 59
[3, 4, 6, 8, 11, 13, 14] -> 59
[3, 4, 6, 8, 11, 13, 15] -> 60
[3, 4, 6, 9, 10, 12, 14] -> 58
[3, 4, 6, 9, 10, 12, 15] -> 59
[3, 4, 6, 9, 10, 13, 14] -> 59
[3, 4, 6, 9, 10, 13, 15] -> 60
[3, 4, 6, 9, 11, 12, 14] -> 59
[3, 4, 6, 9, 11, 12, 15] -> 60
[3, 4, 6, 9, 11, 13, 14] -> 60
[3, 4, 6, 9, 11, 13, 15] -> 61
[3, 4, 7, 8, 10, 12, 14] -> 58
[3, 4, 7, 8, 10, 12, 15] -> 59
[3, 4, 7, 8, 10, 13, 14] -> 59
[3, 4, 7, 8, 10, 13, 15] -> 60
[3, 4, 7, 8, 11, 12, 14] -> 59
[3, 4, 7, 8, 11, 12, 15] -> 60
[3, 4, 7, 8, 11, 13, 14] -> 60
[3, 4, 7, 8, 11, 13, 15] -> 61
[3, 4, 7, 9, 10, 12, 14] -> 59
[3, 4, 7, 9, 10, 12, 15] -> 60
[3, 4, 7, 9, 10, 13, 14] -> 60
[3, 4, 7, 9, 10, 13, 15] -> 61
[3, 4, 7, 9, 11, 12, 14] -> 60
[3, 4, 7, 9, 11, 12, 15] -> 61
[3, 4, 7, 9, 11, 13, 14] -> 61
[3, 4, 7, 9, 11, 13, 15] -> 62
[3, 5, 6, 8, 10, 12, 14] -> 58
[3, 5, 6, 8, 10, 12, 15] -> 59
[3, 5, 6, 8, 10, 13, 14] -> 59
[3, 5, 6, 8, 10, 13, 15] -> 60
[3, 5, 6, 8, 11, 12, 14] -> 59
[3, 5, 6, 8, 11, 12, 15] -> 60
[3, 5, 6, 8, 11, 13, 14] -> 60
[3, 5, 6, 8, 11, 13, 15] -> 61
[3, 5, 6, 9, 10, 12, 14] -> 59
[3, 5, 6, 9, 10, 12, 15] -> 60
[3, 5, 6, 9, 10, 13, 14] -> 60
[3, 5, 6, 9, 10, 13, 15] -> 61
[3, 5, 6, 9, 11, 12, 14] -> 60
[3, 5, 6, 9, 11, 12, 15] -> 61
[3, 5, 6, 9, 11, 13, 14] -> 61
[3, 5, 6, 9, 11, 13, 15] -> 62
[3, 5, 7, 8, 10, 12, 14] -> 59
[3, 5, 7, 8, 10, 12, 15] -> 60
[3, 5, 7, 8, 10, 13, 14] -> 60
[3, 5, 7, 8, 10, 13, 15] -> 61
[3, 5, 7, 8, 11, 12, 14] -> 60
[3, 5, 7, 8, 11, 12, 15] -> 61
[3, 5, 7, 8, 11, 13, 14] -> 61
[3, 5, 7, 8, 11, 13, 15] -> 62
[3, 5, 7, 9, 10, 12, 14] -> 60
[3, 5, 7, 9, 10, 12, 15] -> 61
[3, 5, 7, 9, 10, 13, 14] -> 61
[3, 5, 7, 9, 10, 13, 15] -> 62
[3, 5, 7, 9, 11, 12, 14] -> 61
[3, 5, 7, 9, 11, 12, 15] -> 62
[3, 5, 7, 9, 11, 13, 14] -> 62
[3, 5, 7, 9, 11, 13, 15] -> 63
