[1, 4, 6, 8] -> 19
[1, 4, 6, 9] -> 20
[1, 4, 7, 8] -> 20
[1, 4, 7, 9] -> 21
[1, 5, 6, 8] -> 20
[1, 5, 6, 9] -> 21
[1, 5, 7, 8] -> 21
[1, 5, 7, 9] -> 22
[2, 4, 6, 8] -> 20
[2, 4, 6, 9] -> 21
[2, 4, 7, 8] -> 21
[2, 4, 7, 9] -> 22
[2, 5, 6, 8] -> 21
[2, 5, 6, 9] -> 22
[2, 5, 7, 8] -> 22
[2, 5, 7, 9] -> 23
[3, 4, 6, 8] -> 21
[3, 4, 6, 9] -> 22
[3, 4, 7, 8] -> 22
[3, 4, 7, 9] -> 23
[3, 5, 6, 8] -> 22
[3, 5, 6, 9] -> 23
[3, 5, 7, 8] -> 23
[3, 5, 7, 9] -> 24
