[1.1] -> 2.2
[2.2] -> 4.4
[3.3] -> 6.6
[4.4] -> 8.8
[5.5] -> 11.0
