[1, 4.4, "String1"] -> 1 4.4 String1
[1, 4.4, "String2"] -> 1 4.4 String2
[1, 4.4, "String3"] -> 1 4.4 String3
[1, 4.4, "String4"] -> 1 4.4 String4
[1, 5.5, "String1"] -> 1 5.5 String1
[1, 5.5, "String2"] -> 1 5.5 String2
[1, 5.5, "String3"] -> 1 5.5 String3
[1, 5.5, "String4"] -> 1 5.5 String4
[2, 4.4, "String1"] -> 2 4.4 String1
[2, 4.4, "String2"] -> 2 4.4 String2
[2, 4.4, "String3"] -> 2 4.4 String3
[2, 4.4, "String4"] -> 2 4.4 String4
[2, 5.5, "String1"] -> 2 5.5 String1
[2, 5.5, "String2"] -> 2 5.5 String2
[2, 5.5, "String3"] -> 2 5.5 String3
[2, 5.5, "String4"] -> 2 5.5 String4
[3, 4.4, "String1"] -> 3 4.4 String1
[3, 4.4, "String2"] -> 3 4.4 String2
[3, 4.4, "String3"] -> 3 4.4 String3
[3, 4.4, "String4"] -> 3 4.4 String4
[3, 5.5, "String1"] -> 3 5.5 String1
[3, 5.5, "String2"] -> 3 5.5 String2
[3, 5.5, "String3"] -> 3 5.5 String3
[3, 5.5, "String4"] -> 3 5.5 String4
