[1, 4, 6, 8, 10, 12] -> 41
[1, 4, 6, 8, 10, 13] -> 42
[1, 4, 6, 8, 11, 12] -> 42
[1, 4, 6, 8, 11, 13] -> 43
[1, 4, 6, 9, 10, 12] -> 42
[1, 4, 6, 9, 10, 13] -> 43
[1, 4, 6, 9, 11, 12] -> 43
[1, 4, 6, 9, 11, 13] -> 44
[1, 4, 7, 8, 10, 12] -> 42
[1, 4, 7, 8, 10, 13] -> 43
[1, 4, 7, 8, 11, 12] -> 43
[1, 4, 7, 8, 11, 13] -> 44
[1, 4, 7, 9, 10, 12] -> 43
[1, 4, 7, 9, 10, 13] -> 44
[1, 4, 7, 9, 11, 12] -> 44
[1, 4, 7, 9, 11, 13] -> 45
[1, 5, 6, 8, 10, 12] -> 42
[1, 5, 6, 8, 10, 13] -> 43
[1, 5, 6, 8, 11, 12] -> 43
[1, 5, 6, 8, 11, 13] -> 44
[1, 5, 6, 9, 10, 12] -> 43
[1, 5, 6, 9, 10, 13] -> 44
[1, 5, 6, 9, 11, 12] -> 44
[1, 5, 6, 9, 11, 13] -> 45
[1, 5, 7, 8, 10, 12] -> 43
[1, 5, 7, 8, 10, 13] -> 44
[1, 5, 7, 8, 11, 12] -> 44
[1, 5, 7, 8, 11, 13] -> 45
[1, 5, 7, 9, 10, 12] -> 44
[1, 5, 7, 9, 10, 13] -> 45
[1, 5, 7, 9, 11, 12] -> 45
[1, 5, 7, 9, 11, 13] -> 46
[2, 4, 6, 8, 10, 12] -> 42
[2, 4, 6, 8, 10, 13] -> 43
[2, 4, 6, 8, 11, 12] -> 43
[2, 4, 6, 8, 11, 13] -> 44
[2, 4, 6, 9, 10, 12] -> 43
[2, 4, 6, 9, 10, 13] -> 44
[2, 4, 6, 9, 11, 12] -> 44
[2, 4, 6, 9, 11, 13] -> 45
[2, 4, 7, 8, 10, 12] -> 43
[2, 4, 7, 8, 10, 13] -> 44
[2, 4, 7, 8, 11, 12] -> 44
[2, 4, 7, 8, 11, 13] -> 45
[2, 4, 7, 9, 10, 12] -> 44
[2, 4, 7, 9, 10, 13] -> 45
[2, 4, 7, 9, 11, 12] -> 45
[2, 4, 7, 9, 11, 13] -> 46
[2, 5, 6, 8, 10, 12] -> 43
[2, 5, 6, 8, 10, 13] -> 44
[2, 5, 6, 8, 11, 12] -> 44
[2, 5, 6, 8, 11, 13] -> 45
[2, 5, 6, 9, 10, 12] -> 44
[2, 5, 6, 9, 10, 13] -> 45
[2, 5, 6, 9, 11, 12] -> 45
[2, 5, 6, 9, 11, 13] -> 46
[2, 5, 7, 8, 10, 12] -> 44
[2, 5, 7, 8, 10, 13] -> 45
[2, 5, 7, 8, 11, 12] -> 45
[2, 5, 7, 8, 11, 13] -> 46
[2, 5, 7, 9, 10, 12] -> 45
[2, 5, 7, 9, 10, 13] -> 46
[2, 5, 7, 9, 11, 12] -> 46
[2, 5, 7, 9, 11, 13] -> 47
[3, 4, 6, 8, 10, 12] -> 43
[3, 4, 6, 8, 10, 13] -> 44
[3, 4, 6, 8, 11, 12] -> 44
[3, 4, 6, 8, 11, 13] -> 45
[3, 4, 6, 9, 10, 12] -> 44
[3, 4, 6, 9, 10, 13] -> 45
[3, 4, 6, 9, 11, 12] -> 45
[3, 4, 6, 9, 11, 13] -> 46
[3, 4, 7, 8, 10, 12] -> 44
[3, 4, 7, 8, 10, 13] -> 45
[3, 4, 7, 8, 11, 12] -> 45
[3, 4, 7, 8, 11, 13] -> 46
[3, 4, 7, 9, 10, 12] -> 45
[3, 4, 7, 9, 10, 13] -> 46
[3, 4, 7, 9, 11, 12] -> 46
[3, 4, 7, 9, 11, 13] -> 47
[3, 5, 6, 8, 10, 12] -> 44
[3, 5, 6, 8, 10, 13] -> 45
[3, 5, 6, 8, 11, 12] -> 45
[3, 5, 6, 8, 11, 13] -> 46
[3, 5, 6, 9, 10, 12] -> 45
[3, 5, 6, 9, 10, 13] -> 46
[3, 5, 6, 9, 11, 12] -> 46
[3, 5, 6, 9, 11, 13] -> 47
[3, 5, 7, 8, 10, 12] -> 45
[3, 5, 7, 8, 10, 13] -> 46
[3, 5, 7, 8, 11, 12] -> 46
[3, 5, 7, 8, 11, 13] -> 47
[3, 5, 7, 9, 10, 12] -> 46
[3, 5, 7, 9, 10, 13] -> 47
[3, 5, 7, 9, 11, 12] -> 47
[3, 5, 7, 9, 11, 13] -> 48
